node.exe : npm verbose cli C:\Program Files\nodejs\node.exe C:\Users\LARAUSE\AppData\Roaming\npm\node_modules\npm\bin\npm-cli.js
En C:\Program Files\nodejs\npm.ps1: 29 Carácter: 3
+   & $NODE_EXE $NPM_CLI_JS $args
+   ~~~~~~~~~~~~~~~~~~~~~~~~~~~~~
    + CategoryInfo          : NotSpecified: (npm verbose cli...\bin\npm-cli.js:String) [], RemoteException
    + FullyQualifiedErrorId : NativeCommandError
 
npm info using npm@10.8.2
npm info using node@v22.5.1
npm verbose title npm test
npm verbose argv "test" "--loglevel" "verbose"
npm verbose logfile logs-max:10 dir:C:\Users\LARAUSE\AppData\Local\npm-cache\_logs\2026-02-04T23_26_25_918Z-
npm verbose logfile C:\Users\LARAUSE\AppData\Local\npm-cache\_logs\2026-02-04T23_26_25_918Z-debug-0.log

> ecommerce-backend@1.0.0 test
> jest --detectOpenHandles --forceExit

  console.log
    ­ƒÜÇ Iniciando servidor E-commerce Backend...

      at log (server.js:186:13)

  console.log
    ­ƒôí Conectando a MySQL...

      at log (server.js:189:13)

  console.log
    Ô£à Conexi├│n a MySQL establecida correctamente.

      at log (config/database.js:74:13)

  console.log
    
    ­ƒôè Sincronizando modelos con la base de datos...

      at log (server.js:200:13)

  console.log
    ­ƒöù Asociaciones entre modelos establecidas correctamente

      at log (models/index.js:222:11)

  console.error
    ÔØî Error al generar token JWT: Expected "payload" to be a plain object.

    [0m [90m 37 |[39m     [36mreturn[39m token[33m;[39m
     [90m 38 |[39m   } [36mcatch[39m (error) {
    [31m[1m>[22m[39m[90m 39 |[39m     console[33m.[39merror([32m'ÔØî Error al generar token JWT:'[39m[33m,[39m error[33m.[39mmessage)[33m;[39m
     [90m    |[39m             [31m[1m^[22m[39m
     [90m 40 |[39m     [36mthrow[39m [36mnew[39m [33mError[39m([32m'Error al generar token de autenticaci├│n'[39m)[33m;[39m
     [90m 41 |[39m   }
     [90m 42 |[39m }[33m;[39m[0m

      at error (config/jwt.js:39:13)
      at generateToken (controllers/auth.controller.js:161:19)

  console.error
    Error en login: Error: Error al generar token de autenticaci├│n
        at generateToken (C:\Users\LARAUSE\Desktop\Instructor Sena\2026\Trimestre 1\3206404 Articulacion\software\backend\config\jwt.js:40:11)
        at generateToken (C:\Users\LARAUSE\Desktop\Instructor Sena\2026\Trimestre 1\3206404 Articulacion\software\backend\controllers\auth.controller.js:161:19)

    [0m [90m 175 |[39m     
     [90m 176 |[39m   } [36mcatch[39m (error) {
    [31m[1m>[22m[39m[90m 177 |[39m     console[33m.[39merror([32m'Error en login:'[39m[33m,[39m error)[33m;[39m
     [90m     |[39m             [31m[1m^[22m[39m
     [90m 178 |[39m     res[33m.[39mstatus([35m500[39m)[33m.[39mjson({
     [90m 179 |[39m       success[33m:[39m [36mfalse[39m[33m,[39m
     [90m 180 |[39m       message[33m:[39m [32m'Error al iniciar sesi├│n'[39m[33m,[39m[0m

      at error (controllers/auth.controller.js:177:13)

  console.error
    ÔØî Error al generar token JWT: Expected "payload" to be a plain object.

    [0m [90m 37 |[39m     [36mreturn[39m token[33m;[39m
     [90m 38 |[39m   } [36mcatch[39m (error) {
    [31m[1m>[22m[39m[90m 39 |[39m     console[33m.[39merror([32m'ÔØî Error al generar token JWT:'[39m[33m,[39m error[33m.[39mmessage)[33m;[39m
     [90m    |[39m             [31m[1m^[22m[39m
     [90m 40 |[39m     [36mthrow[39m [36mnew[39m [33mError[39m([32m'Error al generar token de autenticaci├│n'[39m)[33m;[39m
     [90m 41 |[39m   }
     [90m 42 |[39m }[33m;[39m[0m

      at error (config/jwt.js:39:13)
      at generateToken (controllers/auth.controller.js:161:19)

  console.error
    Error en login: Error: Error al generar token de autenticaci├│n
        at generateToken (C:\Users\LARAUSE\Desktop\Instructor Sena\2026\Trimestre 1\3206404 Articulacion\software\backend\config\jwt.js:40:11)
        at generateToken (C:\Users\LARAUSE\Desktop\Instructor Sena\2026\Trimestre 1\3206404 Articulacion\software\backend\controllers\auth.controller.js:161:19)

    [0m [90m 175 |[39m     
     [90m 176 |[39m   } [36mcatch[39m (error) {
    [31m[1m>[22m[39m[90m 177 |[39m     console[33m.[39merror([32m'Error en login:'[39m[33m,[39m error)[33m;[39m
     [90m     |[39m             [31m[1m^[22m[39m
     [90m 178 |[39m     res[33m.[39mstatus([35m500[39m)[33m.[39mjson({
     [90m 179 |[39m       success[33m:[39m [36mfalse[39m[33m,[39m
     [90m 180 |[39m       message[33m:[39m [32m'Error al iniciar sesi├│n'[39m[33m,[39m[0m

      at error (controllers/auth.controller.js:177:13)

  console.error
    ÔØî Error al generar token JWT: Expected "payload" to be a plain object.

    [0m [90m 37 |[39m     [36mreturn[39m token[33m;[39m
     [90m 38 |[39m   } [36mcatch[39m (error) {
    [31m[1m>[22m[39m[90m 39 |[39m     console[33m.[39merror([32m'ÔØî Error al generar token JWT:'[39m[33m,[39m error[33m.[39mmessage)[33m;[39m
     [90m    |[39m             [31m[1m^[22m[39m
     [90m 40 |[39m     [36mthrow[39m [36mnew[39m [33mError[39m([32m'Error al generar token de autenticaci├│n'[39m)[33m;[39m
     [90m 41 |[39m   }
     [90m 42 |[39m }[33m;[39m[0m

      at error (config/jwt.js:39:13)
      at generateToken (controllers/auth.controller.js:161:19)

  console.error
    Error en login: Error: Error al generar token de autenticaci├│n
        at generateToken (C:\Users\LARAUSE\Desktop\Instructor Sena\2026\Trimestre 1\3206404 Articulacion\software\backend\config\jwt.js:40:11)
        at generateToken (C:\Users\LARAUSE\Desktop\Instructor Sena\2026\Trimestre 1\3206404 Articulacion\software\backend\controllers\auth.controller.js:161:19)

    [0m [90m 175 |[39m     
     [90m 176 |[39m   } [36mcatch[39m (error) {
    [31m[1m>[22m[39m[90m 177 |[39m     console[33m.[39merror([32m'Error en login:'[39m[33m,[39m error)[33m;[39m
     [90m     |[39m             [31m[1m^[22m[39m
     [90m 178 |[39m     res[33m.[39mstatus([35m500[39m)[33m.[39mjson({
     [90m 179 |[39m       success[33m:[39m [36mfalse[39m[33m,[39m
     [90m 180 |[39m       message[33m:[39m [32m'Error al iniciar sesi├│n'[39m[33m,[39m[0m

      at error (controllers/auth.controller.js:177:13)

  console.log
    ­ƒöä Base de datos sincronizada (tablas alteradas seg├║n modelos).

      at log (config/database.js:98:15)

  console.log
    
    ­ƒî▒ Ejecutando seeders...

      at log (seeders/adminSeeder.js:30:13)

  console.log
    
    ­ƒî▒ ========================================

      at log (seeders/datosCompletos.seeder.js:28:13)

  console.log
       INICIANDO SEEDER DE DATOS COMPLETOS

      at log (seeders/datosCompletos.seeder.js:29:13)

  console.log
    ========================================

      at log (seeders/datosCompletos.seeder.js:30:13)

  console.log
    ­ƒæÑ 1. CREANDO USUARIOS...

      at log (seeders/datosCompletos.seeder.js:35:13)

  console.log
    Ô£à Administrador ya existe

      at log (seeders/datosCompletos.seeder.js:54:15)

  console.log
    Ô£à Auxiliar ya existe

      at log (seeders/datosCompletos.seeder.js:74:15)

  console.log
    ­ƒæñ Creando 5 clientes...

      at log (seeders/datosCompletos.seeder.js:78:13)

  console.log
    
    Ô£à Total: 8 usuarios en la base de datos

      at log (seeders/datosCompletos.seeder.js:97:13)

  console.log
    ­ƒôü 2. CREANDO CATEGOR├ìAS...

      at log (seeders/datosCompletos.seeder.js:102:13)

  console.log
    ÔÜá´©Å  Ya existen categor├¡as en la base de datos.

      at log (seeders/datosCompletos.seeder.js:107:15)

  console.log
    
    ­ƒÄë ========================================

      at log (seeders/datosCompletos.seeder.js:352:13)

  console.log
       SEEDER COMPLETADO EXITOSAMENTE

      at log (seeders/datosCompletos.seeder.js:353:13)

  console.log
    ========================================

      at log (seeders/datosCompletos.seeder.js:354:13)

  console.log
    ­ƒôè RESUMEN:

      at log (seeders/datosCompletos.seeder.js:361:13)

  console.log
       ­ƒæÑ Usuarios: 8

      at log (seeders/datosCompletos.seeder.js:362:13)

  console.log
       ­ƒôü Categor├¡as: 5

      at log (seeders/datosCompletos.seeder.js:363:13)

  console.log
       ­ƒôé Subcategor├¡as: 15

      at log (seeders/datosCompletos.seeder.js:364:13)

  console.log
       ­ƒôª Productos: 75

      at log (seeders/datosCompletos.seeder.js:365:13)

  console.log
    ­ƒöæ CREDENCIALES DE ACCESO:

      at log (seeders/datosCompletos.seeder.js:367:13)

  console.log
       ­ƒæ¿ÔÇì­ƒÆ╝ ADMINISTRADOR

      at log (seeders/datosCompletos.seeder.js:368:13)

  console.log
          Email: admin@ecommerce.com

      at log (seeders/datosCompletos.seeder.js:369:13)

  console.log
          Password: admin1234

      at log (seeders/datosCompletos.seeder.js:370:13)

  console.log
       ­ƒæñ AUXILIAR

      at log (seeders/datosCompletos.seeder.js:371:13)

  console.log
          Email: auxiliar@ecommerce.com

      at log (seeders/datosCompletos.seeder.js:372:13)

  console.log
          Password: aux123

      at log (seeders/datosCompletos.seeder.js:373:13)

  console.log
       ­ƒøì´©Å  CLIENTES (5)

      at log (seeders/datosCompletos.seeder.js:374:13)

  console.log
          Email: cliente1@ecommerce.com - Password: cliente1

      at log (seeders/datosCompletos.seeder.js:375:13)

  console.log
          Email: cliente2@ecommerce.com - Password: cliente2

      at log (seeders/datosCompletos.seeder.js:376:13)

  console.log
          Email: cliente3@ecommerce.com - Password: cliente3

      at log (seeders/datosCompletos.seeder.js:377:13)

  console.log
          Email: cliente4@ecommerce.com - Password: cliente4

      at log (seeders/datosCompletos.seeder.js:378:13)

  console.log
          Email: cliente5@ecommerce.com - Password: cliente5

      at log (seeders/datosCompletos.seeder.js:379:13)

  console.log
    ========================================

      at log (seeders/datosCompletos.seeder.js:381:13)

  console.log
    
    Ô£à Seeders ejecutados correctamente

      at log (seeders/adminSeeder.js:35:13)

  console.log
    
    ÔòöÔòÉÔòÉÔòÉÔòÉÔòÉÔòÉÔòÉÔòÉÔòÉÔòÉÔòÉÔòÉÔòÉÔòÉÔòÉÔòÉÔòÉÔòÉÔòÉÔòÉÔòÉÔòÉÔòÉÔòÉÔòÉÔòÉÔòÉÔòÉÔòÉÔòÉÔòÉÔòÉÔòÉÔòÉÔòÉÔòÉÔòÉÔòÉÔòÉÔòÉÔòÉÔòÉÔòÉÔòÉÔòÉÔòÉÔòÉÔòÉÔòù

      at Server.log (server.js:217:15)

  console.log
    Ôòæ  Ô£à Servidor corriendo en puerto 5000          Ôòæ

      at Server.log (server.js:218:15)

  console.log
    Ôòæ  ­ƒîÉ URL: http://localhost:5000                Ôòæ

      at Server.log (server.js:219:15)

  console.log
    Ôòæ  ­ƒôÜ Documentaci├│n API: http://localhost:5000  Ôòæ

      at Server.log (server.js:220:15)

  console.log
    Ôòæ  ­ƒùä´©Å  Base de datos: ecommerce_db        Ôòæ

      at Server.log (server.js:221:15)

  console.log
    Ôòæ  ­ƒöº Modo: test                     Ôòæ

      at Server.log (server.js:222:15)

  console.log
    ÔòÜÔòÉÔòÉÔòÉÔòÉÔòÉÔòÉÔòÉÔòÉÔòÉÔòÉÔòÉÔòÉÔòÉÔòÉÔòÉÔòÉÔòÉÔòÉÔòÉÔòÉÔòÉÔòÉÔòÉÔòÉÔòÉÔòÉÔòÉÔòÉÔòÉÔòÉÔòÉÔòÉÔòÉÔòÉÔòÉÔòÉÔòÉÔòÉÔòÉÔòÉÔòÉÔòÉÔòÉÔòÉÔòÉÔòÉÔòÉÔòÉÔòØ

      at Server.log (server.js:223:15)

  console.log
    ­ƒôØ Servidor listo para recibir peticiones...

      at Server.log (server.js:224:15)

FAIL tests/api.test.js
  ­ƒº¬ TESTS DE API E-COMMERCE
    1´©ÅÔâú  AUTENTICACI├ôN
      ├ù Ô£à Debe registrar un nuevo cliente (232 ms)
      ├ù Ô£à Debe hacer login como administrador (121 ms)
      ├ù Ô£à Debe hacer login como auxiliar (90 ms)
      ├ù Ô£à Debe hacer login como cliente (90 ms)
      ÔêÜ ÔØî No debe hacer login con credenciales incorrectas (24 ms)
      ├ù Ô£à Debe obtener el perfil del usuario autenticado (17 ms)
    2´©ÅÔâú  ADMIN - CATEGOR├ìAS
      ├ù Ô£à Admin debe crear una categor├¡a (15 ms)
      ├ù Ô£à Auxiliar debe poder crear una categor├¡a (13 ms)
      ├ù Ô£à Admin debe listar todas las categor├¡as (18 ms)
      ├ù Ô£à Admin debe obtener una categor├¡a por ID (20 ms)
      ├ù Ô£à Admin debe actualizar una categor├¡a (14 ms)
      ├ù ÔØî Cliente no debe poder crear categor├¡a (13 ms)
    3´©ÅÔâú  ADMIN - SUBCATEGOR├ìAS
      ├ù Ô£à Admin debe crear una subcategor├¡a (22 ms)
      ├ù Ô£à Admin debe listar todas las subcategor├¡as (16 ms)
      ├ù Ô£à Admin debe actualizar una subcategor├¡a (11 ms)
    4´©ÅÔâú  ADMIN - PRODUCTOS
      ├ù Ô£à Admin debe crear un producto (10 ms)
      ├ù Ô£à Admin debe listar todos los productos (11 ms)
      ├ù Ô£à Admin debe obtener un producto por ID (10 ms)
      ├ù Ô£à Admin debe actualizar un producto (11 ms)
      ├ù Ô£à Admin debe actualizar stock de producto (14 ms)
      ├ù Ô£à Admin debe activar/desactivar producto (11 ms)
    5´©ÅÔâú  ADMIN - USUARIOS
      ├ù Ô£à Admin debe listar todos los usuarios (14 ms)
      ├ù Ô£à Admin debe obtener un usuario por ID (16 ms)
      ├ù Ô£à Admin debe crear un usuario (12 ms)
      ├ù ÔØî Auxiliar NO debe poder crear usuarios (20 ms)
      ├ù ÔØî Auxiliar NO debe poder actualizar usuarios (12 ms)
    6´©ÅÔâú  CLIENTE - CAT├üLOGO
      ├ù Ô£à Cliente debe ver todas las categor├¡as (43 ms)
      ├ù Ô£à Cliente debe ver subcategor├¡as por categor├¡a (25 ms)
      ├ù Ô£à Cliente debe ver todos los productos (69 ms)
      ├ù Ô£à Cliente debe ver un producto espec├¡fico (32 ms)
    7´©ÅÔâú  CLIENTE - CARRITO
      ├ù Ô£à Cliente debe agregar producto al carrito (14 ms)
      ├ù Ô£à Cliente debe ver su carrito (10 ms)
    8´©ÅÔâú  CLIENTE - PEDIDOS
      ├ù Ô£à Cliente debe crear un pedido desde el carrito (12 ms)
      ├ù Ô£à Cliente debe ver sus pedidos (12 ms)
      ├ù Ô£à Cliente debe ver un pedido espec├¡fico (12 ms)
      ├ù Ô£à Cliente debe cancelar su pedido (12 ms)
    9´©ÅÔâú  ADMIN - GESTI├ôN DE PEDIDOS
      ├ù Ô£à Admin debe ver todos los pedidos (12 ms)
      ├ù Ô£à Admin debe filtrar pedidos por estado (13 ms)
      ├ù Ô£à Admin debe obtener un pedido por ID (12 ms)
      ├ù Ô£à Admin debe actualizar estado de pedido (15 ms)
    ­ƒöÆ PERMISOS Y RESTRICCIONES
      ├ù ÔØî Auxiliar NO debe poder eliminar categor├¡as (19 ms)
      ├ù ÔØî Auxiliar NO debe poder eliminar subcategor├¡as (16 ms)
      ├ù ÔØî Auxiliar NO debe poder eliminar productos (11 ms)
      ├ù ÔØî Auxiliar NO debe poder eliminar usuarios (11 ms)
      ├ù ÔØî Cliente no debe acceder a rutas de admin (13 ms)
      ÔêÜ ÔØî No autenticado no debe acceder a rutas protegidas (12 ms)
    ­ƒùæ´©Å  LIMPIEZA - ELIMINACIONES
      ├ù Ô£à Admin debe eliminar producto (12 ms)
      ├ù Ô£à Admin debe eliminar subcategor├¡a (11 ms)
      ├ù Ô£à Admin debe eliminar categor├¡a (13 ms)

  ÔùÅ ­ƒº¬ TESTS DE API E-COMMERCE ÔÇ║ 1´©ÅÔâú  AUTENTICACI├ôN ÔÇ║ Ô£à Debe registrar un nuevo cliente

    expect(received).toBe(expected) // Object.is equality

    Expected: 201
    Received: 400

    [0m [90m 38 |[39m         })[33m;[39m
     [90m 39 |[39m       
    [31m[1m>[22m[39m[90m 40 |[39m       expect(response[33m.[39mstatus)[33m.[39mtoBe([35m201[39m)[33m;[39m
     [90m    |[39m                               [31m[1m^[22m[39m
     [90m 41 |[39m       expect(response[33m.[39mbody)[33m.[39mtoHaveProperty([32m'data'[39m)[33m;[39m
     [90m 42 |[39m       expect(response[33m.[39mbody[33m.[39mdata)[33m.[39mtoHaveProperty([32m'token'[39m)[33m;[39m
     [90m 43 |[39m       
expect(response[33m.[39mbody[33m.[39mdata[33m.[39musuario)[33m.[39mtoHaveProperty([32m'email'[39m[33m,[39m 
[32m'test@test.com'[39m)[33m;[39m[0m

      at Object.toBe (tests/api.test.js:40:31)

  ÔùÅ ­ƒº¬ TESTS DE API E-COMMERCE ÔÇ║ 1´©ÅÔâú  AUTENTICACI├ôN ÔÇ║ Ô£à Debe hacer login como administrador

    expect(received).toBe(expected) // Object.is equality

    Expected: 200
    Received: 500

    [0m [90m 52 |[39m         })[33m;[39m
     [90m 53 |[39m       
    [31m[1m>[22m[39m[90m 54 |[39m       expect(response[33m.[39mstatus)[33m.[39mtoBe([35m200[39m)[33m;[39m
     [90m    |[39m                               [31m[1m^[22m[39m
     [90m 55 |[39m       expect(response[33m.[39mbody)[33m.[39mtoHaveProperty([32m'data'[39m)[33m;[39m
     [90m 56 |[39m       expect(response[33m.[39mbody[33m.[39mdata)[33m.[39mtoHaveProperty([32m'token'[39m)[33m;[39m
     [90m 57 |[39m       
expect(response[33m.[39mbody[33m.[39mdata[33m.[39musuario)[33m.[39mtoHaveProperty([32m'rol'[39m[33m,[39m 
[32m'administrador'[39m)[33m;[39m[0m

      at Object.toBe (tests/api.test.js:54:31)

  ÔùÅ ­ƒº¬ TESTS DE API E-COMMERCE ÔÇ║ 1´©ÅÔâú  AUTENTICACI├ôN ÔÇ║ Ô£à Debe hacer login como auxiliar

    expect(received).toBe(expected) // Object.is equality

    Expected: 200
    Received: 500

    [0m [90m 68 |[39m         })[33m;[39m
     [90m 69 |[39m       
    [31m[1m>[22m[39m[90m 70 |[39m       expect(response[33m.[39mstatus)[33m.[39mtoBe([35m200[39m)[33m;[39m
     [90m    |[39m                               [31m[1m^[22m[39m
     [90m 71 |[39m       expect(response[33m.[39mbody)[33m.[39mtoHaveProperty([32m'data'[39m)[33m;[39m
     [90m 72 |[39m       expect(response[33m.[39mbody[33m.[39mdata)[33m.[39mtoHaveProperty([32m'token'[39m)[33m;[39m
     [90m 73 |[39m       
expect(response[33m.[39mbody[33m.[39mdata[33m.[39musuario)[33m.[39mtoHaveProperty([32m'rol'[39m[33m,[39m 
[32m'auxiliar'[39m)[33m;[39m[0m

      at Object.toBe (tests/api.test.js:70:31)

  ÔùÅ ­ƒº¬ TESTS DE API E-COMMERCE ÔÇ║ 1´©ÅÔâú  AUTENTICACI├ôN ÔÇ║ Ô£à Debe hacer login como cliente

    expect(received).toBe(expected) // Object.is equality

    Expected: 200
    Received: 500

    [0m [90m 84 |[39m         })[33m;[39m
     [90m 85 |[39m       
    [31m[1m>[22m[39m[90m 86 |[39m       expect(response[33m.[39mstatus)[33m.[39mtoBe([35m200[39m)[33m;[39m
     [90m    |[39m                               [31m[1m^[22m[39m
     [90m 87 |[39m       expect(response[33m.[39mbody)[33m.[39mtoHaveProperty([32m'data'[39m)[33m;[39m
     [90m 88 |[39m       expect(response[33m.[39mbody[33m.[39mdata)[33m.[39mtoHaveProperty([32m'token'[39m)[33m;[39m
     [90m 89 |[39m       
expect(response[33m.[39mbody[33m.[39mdata[33m.[39musuario)[33m.[39mtoHaveProperty([32m'rol'[39m[33m,[39m 
[32m'cliente'[39m)[33m;[39m[0m

      at Object.toBe (tests/api.test.js:86:31)

  ÔùÅ ­ƒº¬ TESTS DE API E-COMMERCE ÔÇ║ 1´©ÅÔâú  AUTENTICACI├ôN ÔÇ║ Ô£à Debe obtener el perfil del usuario autenticado

    expect(received).toBe(expected) // Object.is equality

    Expected: 200
    Received: 404

    [0m [90m 108 |[39m         [33m.[39m[36mset[39m([32m'Authorization'[39m[33m,[39m [32m`Bearer 
${clienteToken}`[39m)[33m;[39m
     [90m 109 |[39m       
    [31m[1m>[22m[39m[90m 110 |[39m       expect(response[33m.[39mstatus)[33m.[39mtoBe([35m200[39m)[33m;[39m
     [90m     |[39m                               [31m[1m^[22m[39m
     [90m 111 |[39m       expect(response[33m.[39mbody)[33m.[39mtoHaveProperty([32m'email'[39m)[33m;[39m
     [90m 112 |[39m     })[33m;[39m
     [90m 113 |[39m   })[33m;[39m[0m

      at Object.toBe (tests/api.test.js:110:31)

  ÔùÅ ­ƒº¬ TESTS DE API E-COMMERCE ÔÇ║ 2´©ÅÔâú  ADMIN - CATEGOR├ìAS ÔÇ║ Ô£à Admin debe crear una categor├¡a

    expect(received).toBe(expected) // Object.is equality

    Expected: 201
    Received: 401

    [0m [90m 127 |[39m         })[33m;[39m
     [90m 128 |[39m       
    [31m[1m>[22m[39m[90m 129 |[39m       expect(response[33m.[39mstatus)[33m.[39mtoBe([35m201[39m)[33m;[39m
     [90m     |[39m                               [31m[1m^[22m[39m
     [90m 130 |[39m       expect(response[33m.[39mbody)[33m.[39mtoHaveProperty([32m'id'[39m)[33m;[39m
     [90m 131 |[39m       
     [90m 132 |[39m       categoriaId [33m=[39m response[33m.[39mbody[33m.[39mid[33m;[39m[0m

      at Object.toBe (tests/api.test.js:129:31)

  ÔùÅ ­ƒº¬ TESTS DE API E-COMMERCE ÔÇ║ 2´©ÅÔâú  ADMIN - CATEGOR├ìAS ÔÇ║ Ô£à Auxiliar debe poder crear una categor├¡a

    expect(received).toBe(expected) // Object.is equality

    Expected: 201
    Received: 401

    [0m [90m 142 |[39m         })[33m;[39m
     [90m 143 |[39m       
    [31m[1m>[22m[39m[90m 144 |[39m       expect(response[33m.[39mstatus)[33m.[39mtoBe([35m201[39m)[33m;[39m
     [90m     |[39m                               [31m[1m^[22m[39m
     [90m 145 |[39m     })[33m;[39m
     [90m 146 |[39m
     [90m 147 |[39m     test([32m'Ô£à Admin debe listar todas las categor├¡as'[39m[33m,[39m [36masync[39m () [33m=>[39m {[0m

      at Object.toBe (tests/api.test.js:144:31)

  ÔùÅ ­ƒº¬ TESTS DE API E-COMMERCE ÔÇ║ 2´©ÅÔâú  ADMIN - CATEGOR├ìAS ÔÇ║ Ô£à Admin debe listar todas las categor├¡as

    expect(received).toBe(expected) // Object.is equality

    Expected: 200
    Received: 401

    [0m [90m 150 |[39m         [33m.[39m[36mset[39m([32m'Authorization'[39m[33m,[39m [32m`Bearer 
${adminToken}`[39m)[33m;[39m
     [90m 151 |[39m       
    [31m[1m>[22m[39m[90m 152 |[39m       expect(response[33m.[39mstatus)[33m.[39mtoBe([35m200[39m)[33m;[39m
     [90m     |[39m                               [31m[1m^[22m[39m
     [90m 153 |[39m       
expect([33mArray[39m[33m.[39misArray(response[33m.[39mbody))[33m.[39mtoBe([36mtrue[39m)[33m;[39m
     [90m 154 |[39m     })[33m;[39m
     [90m 155 |[39m[0m

      at Object.toBe (tests/api.test.js:152:31)

  ÔùÅ ­ƒº¬ TESTS DE API E-COMMERCE ÔÇ║ 2´©ÅÔâú  ADMIN - CATEGOR├ìAS ÔÇ║ Ô£à Admin debe obtener una categor├¡a por ID

    expect(received).toBe(expected) // Object.is equality

    Expected: 200
    Received: 401

    [0m [90m 159 |[39m         [33m.[39m[36mset[39m([32m'Authorization'[39m[33m,[39m [32m`Bearer 
${adminToken}`[39m)[33m;[39m
     [90m 160 |[39m       
    [31m[1m>[22m[39m[90m 161 |[39m       expect(response[33m.[39mstatus)[33m.[39mtoBe([35m200[39m)[33m;[39m
     [90m     |[39m                               [31m[1m^[22m[39m
     [90m 162 |[39m       expect(response[33m.[39mbody)[33m.[39mtoHaveProperty([32m'id'[39m[33m,[39m categoriaId)[33m;[39m
     [90m 163 |[39m     })[33m;[39m
     [90m 164 |[39m[0m

      at Object.toBe (tests/api.test.js:161:31)

  ÔùÅ ­ƒº¬ TESTS DE API E-COMMERCE ÔÇ║ 2´©ÅÔâú  ADMIN - CATEGOR├ìAS ÔÇ║ Ô£à Admin debe actualizar una categor├¡a

    expect(received).toBe(expected) // Object.is equality

    Expected: 200
    Received: 401

    [0m [90m 172 |[39m         })[33m;[39m
     [90m 173 |[39m       
    [31m[1m>[22m[39m[90m 174 |[39m       expect(response[33m.[39mstatus)[33m.[39mtoBe([35m200[39m)[33m;[39m
     [90m     |[39m                               [31m[1m^[22m[39m
     [90m 175 |[39m       expect(response[33m.[39mbody[33m.[39mnombre)[33m.[39mtoBe([32m'Categor├¡a 
Actualizada'[39m)[33m;[39m
     [90m 176 |[39m     })[33m;[39m
     [90m 177 |[39m[0m

      at Object.toBe (tests/api.test.js:174:31)

  ÔùÅ ­ƒº¬ TESTS DE API E-COMMERCE ÔÇ║ 2´©ÅÔâú  ADMIN - CATEGOR├ìAS ÔÇ║ ÔØî Cliente no debe poder crear categor├¡a

    expect(received).toBe(expected) // Object.is equality

    Expected: 403
    Received: 401

    [0m [90m 185 |[39m         })[33m;[39m
     [90m 186 |[39m       
    [31m[1m>[22m[39m[90m 187 |[39m       expect(response[33m.[39mstatus)[33m.[39mtoBe([35m403[39m)[33m;[39m
     [90m     |[39m                               [31m[1m^[22m[39m
     [90m 188 |[39m     })[33m;[39m
     [90m 189 |[39m   })[33m;[39m
     [90m 190 |[39m[0m

      at Object.toBe (tests/api.test.js:187:31)

  ÔùÅ ­ƒº¬ TESTS DE API E-COMMERCE ÔÇ║ 3´©ÅÔâú  ADMIN - SUBCATEGOR├ìAS ÔÇ║ Ô£à Admin debe crear una subcategor├¡a

    expect(received).toBe(expected) // Object.is equality

    Expected: 201
    Received: 401

    [0m [90m 204 |[39m         })[33m;[39m
     [90m 205 |[39m       
    [31m[1m>[22m[39m[90m 206 |[39m       expect(response[33m.[39mstatus)[33m.[39mtoBe([35m201[39m)[33m;[39m
     [90m     |[39m                               [31m[1m^[22m[39m
     [90m 207 |[39m       expect(response[33m.[39mbody)[33m.[39mtoHaveProperty([32m'id'[39m)[33m;[39m
     [90m 208 |[39m       
     [90m 209 |[39m       subcategoriaId [33m=[39m response[33m.[39mbody[33m.[39mid[33m;[39m[0m

      at Object.toBe (tests/api.test.js:206:31)

  ÔùÅ ­ƒº¬ TESTS DE API E-COMMERCE ÔÇ║ 3´©ÅÔâú  ADMIN - SUBCATEGOR├ìAS ÔÇ║ Ô£à Admin debe listar todas las subcategor├¡as

    expect(received).toBe(expected) // Object.is equality

    Expected: 200
    Received: 401

    [0m [90m 215 |[39m         [33m.[39m[36mset[39m([32m'Authorization'[39m[33m,[39m [32m`Bearer 
${adminToken}`[39m)[33m;[39m
     [90m 216 |[39m       
    [31m[1m>[22m[39m[90m 217 |[39m       expect(response[33m.[39mstatus)[33m.[39mtoBe([35m200[39m)[33m;[39m
     [90m     |[39m                               [31m[1m^[22m[39m
     [90m 218 |[39m       
expect([33mArray[39m[33m.[39misArray(response[33m.[39mbody))[33m.[39mtoBe([36mtrue[39m)[33m;[39m
     [90m 219 |[39m     })[33m;[39m
     [90m 220 |[39m[0m

      at Object.toBe (tests/api.test.js:217:31)

  ÔùÅ ­ƒº¬ TESTS DE API E-COMMERCE ÔÇ║ 3´©ÅÔâú  ADMIN - SUBCATEGOR├ìAS ÔÇ║ Ô£à Admin debe actualizar una subcategor├¡a

    expect(received).toBe(expected) // Object.is equality

    Expected: 200
    Received: 401

    [0m [90m 227 |[39m         })[33m;[39m
     [90m 228 |[39m       
    [31m[1m>[22m[39m[90m 229 |[39m       expect(response[33m.[39mstatus)[33m.[39mtoBe([35m200[39m)[33m;[39m
     [90m     |[39m                               [31m[1m^[22m[39m
     [90m 230 |[39m     })[33m;[39m
     [90m 231 |[39m   })[33m;[39m
     [90m 232 |[39m[0m

      at Object.toBe (tests/api.test.js:229:31)

  ÔùÅ ­ƒº¬ TESTS DE API E-COMMERCE ÔÇ║ 4´©ÅÔâú  ADMIN - PRODUCTOS ÔÇ║ Ô£à Admin debe crear un producto

    expect(received).toBe(expected) // Object.is equality

    Expected: 201
    Received: 401

    [0m [90m 249 |[39m         })[33m;[39m
     [90m 250 |[39m       
    [31m[1m>[22m[39m[90m 251 |[39m       expect(response[33m.[39mstatus)[33m.[39mtoBe([35m201[39m)[33m;[39m
     [90m     |[39m                               [31m[1m^[22m[39m
     [90m 252 |[39m       expect(response[33m.[39mbody)[33m.[39mtoHaveProperty([32m'id'[39m)[33m;[39m
     [90m 253 |[39m       
     [90m 254 |[39m       productoId [33m=[39m response[33m.[39mbody[33m.[39mid[33m;[39m[0m

      at Object.toBe (tests/api.test.js:251:31)

  ÔùÅ ­ƒº¬ TESTS DE API E-COMMERCE ÔÇ║ 4´©ÅÔâú  ADMIN - PRODUCTOS ÔÇ║ Ô£à Admin debe listar todos los productos

    expect(received).toBe(expected) // Object.is equality

    Expected: 200
    Received: 401

    [0m [90m 260 |[39m         [33m.[39m[36mset[39m([32m'Authorization'[39m[33m,[39m [32m`Bearer 
${adminToken}`[39m)[33m;[39m
     [90m 261 |[39m       
    [31m[1m>[22m[39m[90m 262 |[39m       expect(response[33m.[39mstatus)[33m.[39mtoBe([35m200[39m)[33m;[39m
     [90m     |[39m                               [31m[1m^[22m[39m
     [90m 263 |[39m       
expect([33mArray[39m[33m.[39misArray(response[33m.[39mbody))[33m.[39mtoBe([36mtrue[39m)[33m;[39m
     [90m 264 |[39m     })[33m;[39m
     [90m 265 |[39m[0m

      at Object.toBe (tests/api.test.js:262:31)

  ÔùÅ ­ƒº¬ TESTS DE API E-COMMERCE ÔÇ║ 4´©ÅÔâú  ADMIN - PRODUCTOS ÔÇ║ Ô£à Admin debe obtener un producto por ID

    expect(received).toBe(expected) // Object.is equality

    Expected: 200
    Received: 401

    [0m [90m 269 |[39m         [33m.[39m[36mset[39m([32m'Authorization'[39m[33m,[39m [32m`Bearer 
${adminToken}`[39m)[33m;[39m
     [90m 270 |[39m       
    [31m[1m>[22m[39m[90m 271 |[39m       expect(response[33m.[39mstatus)[33m.[39mtoBe([35m200[39m)[33m;[39m
     [90m     |[39m                               [31m[1m^[22m[39m
     [90m 272 |[39m       expect(response[33m.[39mbody)[33m.[39mtoHaveProperty([32m'id'[39m[33m,[39m productoId)[33m;[39m
     [90m 273 |[39m     })[33m;[39m
     [90m 274 |[39m[0m

      at Object.toBe (tests/api.test.js:271:31)

  ÔùÅ ­ƒº¬ TESTS DE API E-COMMERCE ÔÇ║ 4´©ÅÔâú  ADMIN - PRODUCTOS ÔÇ║ Ô£à Admin debe actualizar un producto

    expect(received).toBe(expected) // Object.is equality

    Expected: 200
    Received: 401

    [0m [90m 282 |[39m         })[33m;[39m
     [90m 283 |[39m       
    [31m[1m>[22m[39m[90m 284 |[39m       expect(response[33m.[39mstatus)[33m.[39mtoBe([35m200[39m)[33m;[39m
     [90m     |[39m                               [31m[1m^[22m[39m
     [90m 285 |[39m     })[33m;[39m
     [90m 286 |[39m
     [90m 287 |[39m     test([32m'Ô£à Admin debe actualizar stock de producto'[39m[33m,[39m [36masync[39m () [33m=>[39m {[0m

      at Object.toBe (tests/api.test.js:284:31)

  ÔùÅ ­ƒº¬ TESTS DE API E-COMMERCE ÔÇ║ 4´©ÅÔâú  ADMIN - PRODUCTOS ÔÇ║ Ô£à Admin debe actualizar stock de producto

    expect(received).toBe(expected) // Object.is equality

    Expected: 200
    Received: 401

    [0m [90m 293 |[39m         })[33m;[39m
     [90m 294 |[39m       
    [31m[1m>[22m[39m[90m 295 |[39m       expect(response[33m.[39mstatus)[33m.[39mtoBe([35m200[39m)[33m;[39m
     [90m     |[39m                               [31m[1m^[22m[39m
     [90m 296 |[39m     })[33m;[39m
     [90m 297 |[39m
     [90m 298 |[39m     test([32m'Ô£à Admin debe activar/desactivar producto'[39m[33m,[39m [36masync[39m () [33m=>[39m {[0m

      at Object.toBe (tests/api.test.js:295:31)

  ÔùÅ ­ƒº¬ TESTS DE API E-COMMERCE ÔÇ║ 4´©ÅÔâú  ADMIN - PRODUCTOS ÔÇ║ Ô£à Admin debe activar/desactivar producto

    expect(received).toBe(expected) // Object.is equality

    Expected: 200
    Received: 401

    [0m [90m 304 |[39m         })[33m;[39m
     [90m 305 |[39m       
    [31m[1m>[22m[39m[90m 306 |[39m       expect(response[33m.[39mstatus)[33m.[39mtoBe([35m200[39m)[33m;[39m
     [90m     |[39m                               [31m[1m^[22m[39m
     [90m 307 |[39m     })[33m;[39m
     [90m 308 |[39m   })[33m;[39m
     [90m 309 |[39m[0m

      at Object.toBe (tests/api.test.js:306:31)

  ÔùÅ ­ƒº¬ TESTS DE API E-COMMERCE ÔÇ║ 5´©ÅÔâú  ADMIN - USUARIOS ÔÇ║ Ô£à Admin debe listar todos los usuarios

    expect(received).toBe(expected) // Object.is equality

    Expected: 200
    Received: 401

    [0m [90m 318 |[39m         [33m.[39m[36mset[39m([32m'Authorization'[39m[33m,[39m [32m`Bearer 
${adminToken}`[39m)[33m;[39m
     [90m 319 |[39m       
    [31m[1m>[22m[39m[90m 320 |[39m       expect(response[33m.[39mstatus)[33m.[39mtoBe([35m200[39m)[33m;[39m
     [90m     |[39m                               [31m[1m^[22m[39m
     [90m 321 |[39m       
expect([33mArray[39m[33m.[39misArray(response[33m.[39mbody))[33m.[39mtoBe([36mtrue[39m)[33m;[39m
     [90m 322 |[39m       
     [90m 323 |[39m       [36mif[39m (response[33m.[39mbody[33m.[39mlength [33m>[39m [35m0[39m) {[0m

      at Object.toBe (tests/api.test.js:320:31)

  ÔùÅ ­ƒº¬ TESTS DE API E-COMMERCE ÔÇ║ 5´©ÅÔâú  ADMIN - USUARIOS ÔÇ║ Ô£à Admin debe obtener un usuario por ID

    expect(received).toBe(expected) // Object.is equality

    Expected: 200
    Received: 401

    [0m [90m 331 |[39m         [33m.[39m[36mset[39m([32m'Authorization'[39m[33m,[39m [32m`Bearer 
${adminToken}`[39m)[33m;[39m
     [90m 332 |[39m       
    [31m[1m>[22m[39m[90m 333 |[39m       expect(response[33m.[39mstatus)[33m.[39mtoBe([35m200[39m)[33m;[39m
     [90m     |[39m                               [31m[1m^[22m[39m
     [90m 334 |[39m       expect(response[33m.[39mbody)[33m.[39mtoHaveProperty([32m'id'[39m)[33m;[39m
     [90m 335 |[39m     })[33m;[39m
     [90m 336 |[39m[0m

      at Object.toBe (tests/api.test.js:333:31)

  ÔùÅ ­ƒº¬ TESTS DE API E-COMMERCE ÔÇ║ 5´©ÅÔâú  ADMIN - USUARIOS ÔÇ║ Ô£à Admin debe crear un usuario

    expect(received).toBe(expected) // Object.is equality

    Expected: 201
    Received: 401

    [0m [90m 349 |[39m         })[33m;[39m
     [90m 350 |[39m       
    [31m[1m>[22m[39m[90m 351 |[39m       expect(response[33m.[39mstatus)[33m.[39mtoBe([35m201[39m)[33m;[39m
     [90m     |[39m                               [31m[1m^[22m[39m
     [90m 352 |[39m     })[33m;[39m
     [90m 353 |[39m
     [90m 354 |[39m     test([32m'ÔØî Auxiliar NO debe poder crear usuarios'[39m[33m,[39m [36masync[39m () [33m=>[39m {[0m

      at Object.toBe (tests/api.test.js:351:31)

  ÔùÅ ­ƒº¬ TESTS DE API E-COMMERCE ÔÇ║ 5´©ÅÔâú  ADMIN - USUARIOS ÔÇ║ ÔØî Auxiliar NO debe poder crear usuarios

    expect(received).toBe(expected) // Object.is equality

    Expected: 403
    Received: 401

    [0m [90m 364 |[39m         })[33m;[39m
     [90m 365 |[39m       
    [31m[1m>[22m[39m[90m 366 |[39m       expect(response[33m.[39mstatus)[33m.[39mtoBe([35m403[39m)[33m;[39m
     [90m     |[39m                               [31m[1m^[22m[39m
     [90m 367 |[39m     })[33m;[39m
     [90m 368 |[39m
     [90m 369 |[39m     test([32m'ÔØî Auxiliar NO debe poder actualizar usuarios'[39m[33m,[39m [36masync[39m () [33m=>[39m 
{[0m

      at Object.toBe (tests/api.test.js:366:31)

  ÔùÅ ­ƒº¬ TESTS DE API E-COMMERCE ÔÇ║ 5´©ÅÔâú  ADMIN - USUARIOS ÔÇ║ ÔØî Auxiliar NO debe poder actualizar usuarios

    expect(received).toBe(expected) // Object.is equality

    Expected: 403
    Received: 401

    [0m [90m 375 |[39m         })[33m;[39m
     [90m 376 |[39m       
    [31m[1m>[22m[39m[90m 377 |[39m       expect(response[33m.[39mstatus)[33m.[39mtoBe([35m403[39m)[33m;[39m
     [90m     |[39m                               [31m[1m^[22m[39m
     [90m 378 |[39m     })[33m;[39m
     [90m 379 |[39m   })[33m;[39m
     [90m 380 |[39m[0m

      at Object.toBe (tests/api.test.js:377:31)

  ÔùÅ ­ƒº¬ TESTS DE API E-COMMERCE ÔÇ║ 6´©ÅÔâú  CLIENTE - CAT├üLOGO ÔÇ║ Ô£à Cliente debe ver todas las categor├¡as

    expect(received).toBe(expected) // Object.is equality

    Expected: true
    Received: false

    [0m [90m 389 |[39m       
     [90m 390 |[39m       expect(response[33m.[39mstatus)[33m.[39mtoBe([35m200[39m)[33m;[39m
    [31m[1m>[22m[39m[90m 391 |[39m       
expect([33mArray[39m[33m.[39misArray(response[33m.[39mbody))[33m.[39mtoBe([36mtrue[39m)[33m;[39m
     [90m     |[39m                                            [31m[1m^[22m[39m
     [90m 392 |[39m     })[33m;[39m
     [90m 393 |[39m
     [90m 394 |[39m     test([32m'Ô£à Cliente debe ver subcategor├¡as por categor├¡a'[39m[33m,[39m [36masync[39m () 
[33m=>[39m {[0m

      at Object.toBe (tests/api.test.js:391:44)

  ÔùÅ ­ƒº¬ TESTS DE API E-COMMERCE ÔÇ║ 6´©ÅÔâú  CLIENTE - CAT├üLOGO ÔÇ║ Ô£à Cliente debe ver subcategor├¡as por categor├¡a

    expect(received).toBe(expected) // Object.is equality

    Expected: 200
    Received: 404

    [0m [90m 396 |[39m         
[33m.[39m[36mget[39m([32m`/api/catalogo/categorias/${categoriaId}/subcategorias`[39m)[33m;[39m
     [90m 397 |[39m       
    [31m[1m>[22m[39m[90m 398 |[39m       expect(response[33m.[39mstatus)[33m.[39mtoBe([35m200[39m)[33m;[39m
     [90m     |[39m                               [31m[1m^[22m[39m
     [90m 399 |[39m       
expect([33mArray[39m[33m.[39misArray(response[33m.[39mbody))[33m.[39mtoBe([36mtrue[39m)[33m;[39m
     [90m 400 |[39m     })[33m;[39m
     [90m 401 |[39m[0m

      at Object.toBe (tests/api.test.js:398:31)

  ÔùÅ ­ƒº¬ TESTS DE API E-COMMERCE ÔÇ║ 6´©ÅÔâú  CLIENTE - CAT├üLOGO ÔÇ║ Ô£à Cliente debe ver todos los productos

    expect(received).toBe(expected) // Object.is equality

    Expected: true
    Received: false

    [0m [90m 405 |[39m       
     [90m 406 |[39m       expect(response[33m.[39mstatus)[33m.[39mtoBe([35m200[39m)[33m;[39m
    [31m[1m>[22m[39m[90m 407 |[39m       
expect([33mArray[39m[33m.[39misArray(response[33m.[39mbody))[33m.[39mtoBe([36mtrue[39m)[33m;[39m
     [90m     |[39m                                            [31m[1m^[22m[39m
     [90m 408 |[39m     })[33m;[39m
     [90m 409 |[39m
     [90m 410 |[39m     test([32m'Ô£à Cliente debe ver un producto espec├¡fico'[39m[33m,[39m [36masync[39m () [33m=>[39m 
{[0m

      at Object.toBe (tests/api.test.js:407:44)

  ÔùÅ ­ƒº¬ TESTS DE API E-COMMERCE ÔÇ║ 6´©ÅÔâú  CLIENTE - CAT├üLOGO ÔÇ║ Ô£à Cliente debe ver un producto espec├¡fico

    expect(received).toBe(expected) // Object.is equality

    Expected: 200
    Received: 404

    [0m [90m 412 |[39m         [33m.[39m[36mget[39m([32m`/api/catalogo/productos/${productoId}`[39m)[33m;[39m
     [90m 413 |[39m       
    [31m[1m>[22m[39m[90m 414 |[39m       expect(response[33m.[39mstatus)[33m.[39mtoBe([35m200[39m)[33m;[39m
     [90m     |[39m                               [31m[1m^[22m[39m
     [90m 415 |[39m       expect(response[33m.[39mbody)[33m.[39mtoHaveProperty([32m'id'[39m)[33m;[39m
     [90m 416 |[39m     })[33m;[39m
     [90m 417 |[39m[0m

      at Object.toBe (tests/api.test.js:414:31)

  ÔùÅ ­ƒº¬ TESTS DE API E-COMMERCE ÔÇ║ 7´©ÅÔâú  CLIENTE - CARRITO ÔÇ║ Ô£à Cliente debe agregar producto al carrito

    expect(received).toBe(expected) // Object.is equality

    Expected: 201
    Received: 401

    [0m [90m 446 |[39m         })[33m;[39m
     [90m 447 |[39m       
    [31m[1m>[22m[39m[90m 448 |[39m       expect(response[33m.[39mstatus)[33m.[39mtoBe([35m201[39m)[33m;[39m
     [90m     |[39m                               [31m[1m^[22m[39m
     [90m 449 |[39m     })[33m;[39m
     [90m 450 |[39m
     [90m 451 |[39m     test([32m'Ô£à Cliente debe ver su carrito'[39m[33m,[39m [36masync[39m () [33m=>[39m {[0m

      at Object.toBe (tests/api.test.js:448:31)

  ÔùÅ ­ƒº¬ TESTS DE API E-COMMERCE ÔÇ║ 7´©ÅÔâú  CLIENTE - CARRITO ÔÇ║ Ô£à Cliente debe ver su carrito

    expect(received).toBe(expected) // Object.is equality

    Expected: 200
    Received: 401

    [0m [90m 454 |[39m         [33m.[39m[36mset[39m([32m'Authorization'[39m[33m,[39m [32m`Bearer 
${clienteToken}`[39m)[33m;[39m
     [90m 455 |[39m       
    [31m[1m>[22m[39m[90m 456 |[39m       expect(response[33m.[39mstatus)[33m.[39mtoBe([35m200[39m)[33m;[39m
     [90m     |[39m                               [31m[1m^[22m[39m
     [90m 457 |[39m       
expect([33mArray[39m[33m.[39misArray(response[33m.[39mbody))[33m.[39mtoBe([36mtrue[39m)[33m;[39m
     [90m 458 |[39m     })[33m;[39m
     [90m 459 |[39m[0m

      at Object.toBe (tests/api.test.js:456:31)

  ÔùÅ ­ƒº¬ TESTS DE API E-COMMERCE ÔÇ║ 8´©ÅÔâú  CLIENTE - PEDIDOS ÔÇ║ Ô£à Cliente debe crear un pedido desde el carrito

    expect(received).toBe(expected) // Object.is equality

    Expected: 201
    Received: 401

    [0m [90m 486 |[39m         })[33m;[39m
     [90m 487 |[39m       
    [31m[1m>[22m[39m[90m 488 |[39m       expect(response[33m.[39mstatus)[33m.[39mtoBe([35m201[39m)[33m;[39m
     [90m     |[39m                               [31m[1m^[22m[39m
     [90m 489 |[39m       expect(response[33m.[39mbody)[33m.[39mtoHaveProperty([32m'id'[39m)[33m;[39m
     [90m 490 |[39m       
     [90m 491 |[39m       pedidoId [33m=[39m response[33m.[39mbody[33m.[39mid[33m;[39m[0m

      at Object.toBe (tests/api.test.js:488:31)

  ÔùÅ ­ƒº¬ TESTS DE API E-COMMERCE ÔÇ║ 8´©ÅÔâú  CLIENTE - PEDIDOS ÔÇ║ Ô£à Cliente debe ver sus pedidos

    expect(received).toBe(expected) // Object.is equality

    Expected: 200
    Received: 401

    [0m [90m 497 |[39m         [33m.[39m[36mset[39m([32m'Authorization'[39m[33m,[39m [32m`Bearer 
${clienteToken}`[39m)[33m;[39m
     [90m 498 |[39m       
    [31m[1m>[22m[39m[90m 499 |[39m       expect(response[33m.[39mstatus)[33m.[39mtoBe([35m200[39m)[33m;[39m
     [90m     |[39m                               [31m[1m^[22m[39m
     [90m 500 |[39m       
expect([33mArray[39m[33m.[39misArray(response[33m.[39mbody))[33m.[39mtoBe([36mtrue[39m)[33m;[39m
     [90m 501 |[39m     })[33m;[39m
     [90m 502 |[39m[0m

      at Object.toBe (tests/api.test.js:499:31)

  ÔùÅ ­ƒº¬ TESTS DE API E-COMMERCE ÔÇ║ 8´©ÅÔâú  CLIENTE - PEDIDOS ÔÇ║ Ô£à Cliente debe ver un pedido espec├¡fico

    expect(received).toBe(expected) // Object.is equality

    Expected: 200
    Received: 401

    [0m [90m 506 |[39m         [33m.[39m[36mset[39m([32m'Authorization'[39m[33m,[39m [32m`Bearer 
${clienteToken}`[39m)[33m;[39m
     [90m 507 |[39m       
    [31m[1m>[22m[39m[90m 508 |[39m       expect(response[33m.[39mstatus)[33m.[39mtoBe([35m200[39m)[33m;[39m
     [90m     |[39m                               [31m[1m^[22m[39m
     [90m 509 |[39m       expect(response[33m.[39mbody)[33m.[39mtoHaveProperty([32m'id'[39m[33m,[39m pedidoId)[33m;[39m
     [90m 510 |[39m     })[33m;[39m
     [90m 511 |[39m[0m

      at Object.toBe (tests/api.test.js:508:31)

  ÔùÅ ­ƒº¬ TESTS DE API E-COMMERCE ÔÇ║ 8´©ÅÔâú  CLIENTE - PEDIDOS ÔÇ║ Ô£à Cliente debe cancelar su pedido

    expect(received).toBe(expected) // Object.is equality

    Expected: 200
    Received: 401

    [0m [90m 515 |[39m         [33m.[39m[36mset[39m([32m'Authorization'[39m[33m,[39m [32m`Bearer 
${clienteToken}`[39m)[33m;[39m
     [90m 516 |[39m       
    [31m[1m>[22m[39m[90m 517 |[39m       expect(response[33m.[39mstatus)[33m.[39mtoBe([35m200[39m)[33m;[39m
     [90m     |[39m                               [31m[1m^[22m[39m
     [90m 518 |[39m     })[33m;[39m
     [90m 519 |[39m   })[33m;[39m
     [90m 520 |[39m[0m

      at Object.toBe (tests/api.test.js:517:31)

  ÔùÅ ­ƒº¬ TESTS DE API E-COMMERCE ÔÇ║ 9´©ÅÔâú  ADMIN - GESTI├ôN DE PEDIDOS ÔÇ║ Ô£à Admin debe ver todos los pedidos

    expect(received).toBe(expected) // Object.is equality

    Expected: 200
    Received: 401

    [0m [90m 529 |[39m         [33m.[39m[36mset[39m([32m'Authorization'[39m[33m,[39m [32m`Bearer 
${adminToken}`[39m)[33m;[39m
     [90m 530 |[39m       
    [31m[1m>[22m[39m[90m 531 |[39m       expect(response[33m.[39mstatus)[33m.[39mtoBe([35m200[39m)[33m;[39m
     [90m     |[39m                               [31m[1m^[22m[39m
     [90m 532 |[39m       
expect([33mArray[39m[33m.[39misArray(response[33m.[39mbody))[33m.[39mtoBe([36mtrue[39m)[33m;[39m
     [90m 533 |[39m     })[33m;[39m
     [90m 534 |[39m[0m

      at Object.toBe (tests/api.test.js:531:31)

  ÔùÅ ­ƒº¬ TESTS DE API E-COMMERCE ÔÇ║ 9´©ÅÔâú  ADMIN - GESTI├ôN DE PEDIDOS ÔÇ║ Ô£à Admin debe filtrar pedidos por estado

    expect(received).toBe(expected) // Object.is equality

    Expected: 200
    Received: 401

    [0m [90m 538 |[39m         [33m.[39m[36mset[39m([32m'Authorization'[39m[33m,[39m [32m`Bearer 
${adminToken}`[39m)[33m;[39m
     [90m 539 |[39m       
    [31m[1m>[22m[39m[90m 540 |[39m       expect(response[33m.[39mstatus)[33m.[39mtoBe([35m200[39m)[33m;[39m
     [90m     |[39m                               [31m[1m^[22m[39m
     [90m 541 |[39m     })[33m;[39m
     [90m 542 |[39m
     [90m 543 |[39m     test([32m'Ô£à Admin debe obtener un pedido por ID'[39m[33m,[39m [36masync[39m () [33m=>[39m {[0m

      at Object.toBe (tests/api.test.js:540:31)

  ÔùÅ ­ƒº¬ TESTS DE API E-COMMERCE ÔÇ║ 9´©ÅÔâú  ADMIN - GESTI├ôN DE PEDIDOS ÔÇ║ Ô£à Admin debe obtener un pedido por ID

    expect(received).toBe(expected) // Object.is equality

    Expected: 200
    Received: 401

    [0m [90m 546 |[39m         [33m.[39m[36mset[39m([32m'Authorization'[39m[33m,[39m [32m`Bearer 
${adminToken}`[39m)[33m;[39m
     [90m 547 |[39m       
    [31m[1m>[22m[39m[90m 548 |[39m       expect(response[33m.[39mstatus)[33m.[39mtoBe([35m200[39m)[33m;[39m
     [90m     |[39m                               [31m[1m^[22m[39m
     [90m 549 |[39m     })[33m;[39m
     [90m 550 |[39m
     [90m 551 |[39m     test([32m'Ô£à Admin debe actualizar estado de pedido'[39m[33m,[39m [36masync[39m () [33m=>[39m {[0m

      at Object.toBe (tests/api.test.js:548:31)

  ÔùÅ ­ƒº¬ TESTS DE API E-COMMERCE ÔÇ║ 9´©ÅÔâú  ADMIN - GESTI├ôN DE PEDIDOS ÔÇ║ Ô£à Admin debe actualizar estado de pedido

    expect(received).toBe(expected) // Object.is equality

    Expected: 200
    Received: 401

    [0m [90m 557 |[39m         })[33m;[39m
     [90m 558 |[39m       
    [31m[1m>[22m[39m[90m 559 |[39m       expect(response[33m.[39mstatus)[33m.[39mtoBe([35m200[39m)[33m;[39m
     [90m     |[39m                               [31m[1m^[22m[39m
     [90m 560 |[39m     })[33m;[39m
     [90m 561 |[39m   })[33m;[39m
     [90m 562 |[39m[0m

      at Object.toBe (tests/api.test.js:559:31)

  ÔùÅ ­ƒº¬ TESTS DE API E-COMMERCE ÔÇ║ ­ƒöÆ PERMISOS Y RESTRICCIONES ÔÇ║ ÔØî Auxiliar NO debe poder eliminar categor├¡as

    expect(received).toBe(expected) // Object.is equality

    Expected: 403
    Received: 401

    [0m [90m 571 |[39m         [33m.[39m[36mset[39m([32m'Authorization'[39m[33m,[39m [32m`Bearer 
${auxiliarToken}`[39m)[33m;[39m
     [90m 572 |[39m       
    [31m[1m>[22m[39m[90m 573 |[39m       expect(response[33m.[39mstatus)[33m.[39mtoBe([35m403[39m)[33m;[39m
     [90m     |[39m                               [31m[1m^[22m[39m
     [90m 574 |[39m     })[33m;[39m
     [90m 575 |[39m
     [90m 576 |[39m     test([32m'ÔØî Auxiliar NO debe poder eliminar subcategor├¡as'[39m[33m,[39m [36masync[39m () 
[33m=>[39m {[0m

      at Object.toBe (tests/api.test.js:573:31)

  ÔùÅ ­ƒº¬ TESTS DE API E-COMMERCE ÔÇ║ ­ƒöÆ PERMISOS Y RESTRICCIONES ÔÇ║ ÔØî Auxiliar NO debe poder eliminar subcategor├¡as

    expect(received).toBe(expected) // Object.is equality

    Expected: 403
    Received: 401

    [0m [90m 579 |[39m         [33m.[39m[36mset[39m([32m'Authorization'[39m[33m,[39m [32m`Bearer 
${auxiliarToken}`[39m)[33m;[39m
     [90m 580 |[39m       
    [31m[1m>[22m[39m[90m 581 |[39m       expect(response[33m.[39mstatus)[33m.[39mtoBe([35m403[39m)[33m;[39m
     [90m     |[39m                               [31m[1m^[22m[39m
     [90m 582 |[39m     })[33m;[39m
     [90m 583 |[39m
     [90m 584 |[39m     test([32m'ÔØî Auxiliar NO debe poder eliminar productos'[39m[33m,[39m [36masync[39m () [33m=>[39m 
{[0m

      at Object.toBe (tests/api.test.js:581:31)

  ÔùÅ ­ƒº¬ TESTS DE API E-COMMERCE ÔÇ║ ­ƒöÆ PERMISOS Y RESTRICCIONES ÔÇ║ ÔØî Auxiliar NO debe poder eliminar productos

    expect(received).toBe(expected) // Object.is equality

    Expected: 403
    Received: 401

    [0m [90m 587 |[39m         [33m.[39m[36mset[39m([32m'Authorization'[39m[33m,[39m [32m`Bearer 
${auxiliarToken}`[39m)[33m;[39m
     [90m 588 |[39m       
    [31m[1m>[22m[39m[90m 589 |[39m       expect(response[33m.[39mstatus)[33m.[39mtoBe([35m403[39m)[33m;[39m
     [90m     |[39m                               [31m[1m^[22m[39m
     [90m 590 |[39m     })[33m;[39m
     [90m 591 |[39m
     [90m 592 |[39m     test([32m'ÔØî Auxiliar NO debe poder eliminar usuarios'[39m[33m,[39m [36masync[39m () [33m=>[39m 
{[0m

      at Object.toBe (tests/api.test.js:589:31)

  ÔùÅ ­ƒº¬ TESTS DE API E-COMMERCE ÔÇ║ ­ƒöÆ PERMISOS Y RESTRICCIONES ÔÇ║ ÔØî Auxiliar NO debe poder eliminar usuarios

    expect(received).toBe(expected) // Object.is equality

    Expected: 403
    Received: 401

    [0m [90m 595 |[39m         [33m.[39m[36mset[39m([32m'Authorization'[39m[33m,[39m [32m`Bearer 
${auxiliarToken}`[39m)[33m;[39m
     [90m 596 |[39m       
    [31m[1m>[22m[39m[90m 597 |[39m       expect(response[33m.[39mstatus)[33m.[39mtoBe([35m403[39m)[33m;[39m
     [90m     |[39m                               [31m[1m^[22m[39m
     [90m 598 |[39m     })[33m;[39m
     [90m 599 |[39m
     [90m 600 |[39m     test([32m'ÔØî Cliente no debe acceder a rutas de admin'[39m[33m,[39m [36masync[39m () [33m=>[39m 
{[0m

      at Object.toBe (tests/api.test.js:597:31)

  ÔùÅ ­ƒº¬ TESTS DE API E-COMMERCE ÔÇ║ ­ƒöÆ PERMISOS Y RESTRICCIONES ÔÇ║ ÔØî Cliente no debe acceder a rutas de admin

    expect(received).toBe(expected) // Object.is equality

    Expected: 403
    Received: 401

    [0m [90m 603 |[39m         [33m.[39m[36mset[39m([32m'Authorization'[39m[33m,[39m [32m`Bearer 
${clienteToken}`[39m)[33m;[39m
     [90m 604 |[39m       
    [31m[1m>[22m[39m[90m 605 |[39m       expect(response[33m.[39mstatus)[33m.[39mtoBe([35m403[39m)[33m;[39m
     [90m     |[39m                               [31m[1m^[22m[39m
     [90m 606 |[39m     })[33m;[39m
     [90m 607 |[39m
     [90m 608 |[39m     test([32m'ÔØî No autenticado no debe acceder a rutas protegidas'[39m[33m,[39m [36masync[39m () 
[33m=>[39m {[0m

      at Object.toBe (tests/api.test.js:605:31)

  ÔùÅ ­ƒº¬ TESTS DE API E-COMMERCE ÔÇ║ ­ƒùæ´©Å  LIMPIEZA - ELIMINACIONES ÔÇ║ Ô£à Admin debe eliminar producto

    expect(received).toBe(expected) // Object.is equality

    Expected: 200
    Received: 401

    [0m [90m 633 |[39m         [33m.[39m[36mset[39m([32m'Authorization'[39m[33m,[39m [32m`Bearer 
${adminToken}`[39m)[33m;[39m
     [90m 634 |[39m       
    [31m[1m>[22m[39m[90m 635 |[39m       expect(response[33m.[39mstatus)[33m.[39mtoBe([35m200[39m)[33m;[39m
     [90m     |[39m                               [31m[1m^[22m[39m
     [90m 636 |[39m     })[33m;[39m
     [90m 637 |[39m
     [90m 638 |[39m     test([32m'Ô£à Admin debe eliminar subcategor├¡a'[39m[33m,[39m [36masync[39m () [33m=>[39m {[0m

      at Object.toBe (tests/api.test.js:635:31)

  ÔùÅ ­ƒº¬ TESTS DE API E-COMMERCE ÔÇ║ ­ƒùæ´©Å  LIMPIEZA - ELIMINACIONES ÔÇ║ Ô£à Admin debe eliminar subcategor├¡a

    expect(received).toBe(expected) // Object.is equality

    Expected: 200
    Received: 401

    [0m [90m 641 |[39m         [33m.[39m[36mset[39m([32m'Authorization'[39m[33m,[39m [32m`Bearer 
${adminToken}`[39m)[33m;[39m
     [90m 642 |[39m       
    [31m[1m>[22m[39m[90m 643 |[39m       expect(response[33m.[39mstatus)[33m.[39mtoBe([35m200[39m)[33m;[39m
     [90m     |[39m                               [31m[1m^[22m[39m
     [90m 644 |[39m     })[33m;[39m
     [90m 645 |[39m
     [90m 646 |[39m     test([32m'Ô£à Admin debe eliminar categor├¡a'[39m[33m,[39m [36masync[39m () [33m=>[39m {[0m

      at Object.toBe (tests/api.test.js:643:31)

  ÔùÅ ­ƒº¬ TESTS DE API E-COMMERCE ÔÇ║ ­ƒùæ´©Å  LIMPIEZA - ELIMINACIONES ÔÇ║ Ô£à Admin debe eliminar categor├¡a

    expect(received).toBe(expected) // Object.is equality

    Expected: 200
    Received: 401

    [0m [90m 649 |[39m         [33m.[39m[36mset[39m([32m'Authorization'[39m[33m,[39m [32m`Bearer 
${adminToken}`[39m)[33m;[39m
     [90m 650 |[39m       
    [31m[1m>[22m[39m[90m 651 |[39m       expect(response[33m.[39mstatus)[33m.[39mtoBe([35m200[39m)[33m;[39m
     [90m     |[39m                               [31m[1m^[22m[39m
     [90m 652 |[39m     })[33m;[39m
     [90m 653 |[39m   })[33m;[39m
     [90m 654 |[39m })[33m;[39m[0m

      at Object.toBe (tests/api.test.js:651:31)

-----------------------------|---------|----------|---------|---------|------------------------------------------------------------
File                         | % Stmts | % Branch | % Funcs | % Lines | Uncovered Line #s                                          
-----------------------------|---------|----------|---------|---------|------------------------------------------------------------
All files                    |   21.78 |     6.76 |   10.95 |   22.52 |                                                            
 controllers                 |   15.53 |     6.76 |   10.93 |   16.16 |                                                            
  auth.controller.js         |   34.93 |    31.25 |      40 |    36.7 | 33,42,50,69-95,122,143,154,164-167,199-223,245-280,302-354 
  carrito.controller.js      |   12.98 |        0 |       0 |   12.98 | 24-71,89-203,221-277,294-323,340-356                       
  catalogo.controller.js     |   53.94 |    48.14 |   71.42 |   56.94 | 58,66-68,75-82,129-130,180-189,244-245,279-320,338-375     
  categoria.controller.js    |    9.64 |        0 |       0 |    9.82 | 26-62,79-120,138-189,207-262,283-327,347-397,420-496       
  pedido.controller.js       |   10.63 |        0 |       0 |   10.86 | 29-182,200-245,264-323,343-408,426-477,497-546,563-609     
  producto.controller.js     |    7.51 |        0 |       0 |    7.97 | 36-105,122-158,183-297,316-436,453-478,496-518,536-605     
  subcategoria.controller.js |    8.52 |        0 |       0 |    8.87 | 27-67,84-125,143-222,240-329,349-386,405-442,459-528       
  usuario.controller.js      |    8.82 |        0 |       0 |    9.47 | 27-73,90-113,131-190,208-248,265-298,315-344,361-385       
 middleware                  |   18.44 |     6.81 |   11.11 |   18.44 |                                                            
  auth.js                    |   27.27 |    18.75 |      50 |   27.27 | 54-92,109-146                                              
  checkRole.js               |   11.86 |        0 |       0 |   11.86 | 23-45,67-89,110-133,156-186,208-226,244-262                
 routes                      |     100 |      100 |     100 |     100 |                                                            
  admin.routes.js            |     100 |      100 |     100 |     100 |                                                            
  auth.routes.js             |     100 |      100 |     100 |     100 |                                                            
  cliente.routes.js          |     100 |      100 |     100 |     100 |                                                            
-----------------------------|---------|----------|---------|---------|------------------------------------------------------------
Test Suites: 1 failed, 1 total
Tests:       47 failed, 2 passed, 49 total
Snapshots:   0 total
Time:        4.253 s
Ran all test suites.
npm verbose cwd C:\Users\LARAUSE\Desktop\Instructor Sena\2026\Trimestre 1\3206404 Articulacion\software\backend
npm verbose os Windows_NT 10.0.19045
npm verbose node v22.5.1
npm verbose npm  v10.8.2
npm verbose exit 1
npm verbose code 1
